// Jest Snapshot v1, https://goo.gl/fbAQLP

exports[`action bar should just run 1`] = `true`;
